// Jest Snapshot v1, https://goo.gl/fbAQLP

exports[`Test Case For Select should render component 1`] = `ShallowWrapper {}`;
